// Jest Snapshot v1, https://goo.gl/fbAQLP

exports[`<NotFoundPage/> renders 404(not found page) component without crashing 1`] = `
<Fragment>
  <Connect(HomeHeader) />
  <div
    className=""
  >
    <div
      className=""
    >
      <img
        alt="404-page"
        className="w-screen"
        src={
          Object {
            "process": [Function],
          }
        }
      />
    </div>
  </div>
</Fragment>
`;
